set   ar           Aggregated regions /
		nen	! new england
		mat	! middle atlantic
		enc	! east north central
		wnc	! west north central
		sat	! south atlantic
		esc	! east south central
		wsc	! west south central
		mnt	! mountain
		pac	! pacific
      /;

set   mapr(ar,r)   Mapping between census divisions and states /
	    nen.(
		ct	! connecticut
		me	! maine
		ma	! massachusetts
		nh	! new hampshire
		ri	! rhode island
		vt	! vermont
	    )
	    mat.(
		nj	! new jersey
		ny	! new york
		pa	! pennsylvania
	    )
	    enc.(
		in	! indiana
		il	! illinois
		mi	! michigan
		oh	! ohio
		wi	! wisconsin
	    )
	    wnc.(
		ia	! iowa
		ks	! kansas
		mn	! minnesota
		mo	! missouri
		ne	! nebraska
		nd	! north dakota
		sd	! south dakota
	    )
	    sat.(
		dc	! district of columbia
		de	! delaware
		fl	! florida
		ga	! georgia
		md	! maryland
		nc	! north carolina
		sc	! south carolina
		va	! virginia
		wv	! west virginia
	    )
	    esc.(
		al	! alabama
		ky	! kentucky
		ms	! mississippi
		tn	! tennessee
	    )
	    wsc.(
		ar	! arkansas
		la	! louisiana
		ok	! oklahoma
		tx	! texas
	    )
	    mnt.(
		az	! arizona
		co	! colorado
		id	! idaho
		nm	! new mexico
		mt	! montana
		ut	! utah
		nv	! nevada
		wy	! wyoming
	    )
	    pac.(
		ak	! alaska
		ca	! california
		hi	! hawaii
		or	! oregon
		wa	! washington
	    )
     /;
