agr.natres	"Farms",
fof.parkrc	"Forestry, fishing, and related activities",
oil.natres	"Oil and gas extraction",
min.natres	"Coal mining",
smn.natres	"Support activities for mining",
uti.utlexp	"Electric power generation, transmission, and distribution",
con.hghway	"Construction",
fbp.liqexp	"Food and beverage and tobacco products",
tex.pubwel	"Textile mills and textile product mills",
alt.pubwel	"Apparel and leather and allied products",
wpd.pubwel	"Wood products",
ppd.pubwel	"Paper products",
pri.pubwel	"Printing and related support activities",
pet.othuna	"Petroleum refineries",
che.othuna	"Chemical products",
pla.othuna	"Plastics and rubber products",
nmp.othuna	"Nonmetallic mineral products",
pmt.othuna	"Primary metals",
fmt.othuna	"Fabricated metal products",
mch.othuna	"Machinery",
cep.othuna	"Computer and electronic products",
eec.othuna	"Electrical equipment, appliances, and components",
mot.othuna	"Motor vehicles, bodies and trailers, and parts manufacturing",
ote.othuna	"Other transportation equipment",
fpd.othuna	"Furniture and related products",
mmf.othuna	"Miscellaneous manufacturing",
wht.othuna	"Wholesale trade",
mvt.othuna	"Motor vehicle and parts dealers",
fbt.liqexp	"Food and beverage stores",
gmt.othuna	"General merchandise stores",
ott.othuna	"Other retail",
air.hghway	"Air transportation",
trn.hghway	"Rail transportation",
wtt.hghway	"Water transportation",
trk.hghway	"Truck transportation",
grd.hghway	"Transit and ground passenger transportation",
pip.hghway	"Pipeline transportation",
otr.hghway	"Other transportation and support activities",
wrh.govadm	"Warehousing and storage",
pub.govadm	"Publishing industries, except internet (includes software)",
mov.govadm	"Motion picture and sound recording industries",
brd.govadm	"Broadcasting and telecommunications",
dat.govadm	"Data processing, internet publishing, and other information",
bnk.intgen	"Federal Reserve banks, credit intermediation, and related activ",
sec.intgen	"Securities, commodity contracts, and investments",
ins.intgen	"Insurance carriers and related activities",
fin.intgen	"Funds, trusts, and other financial vehicles",
hou.govadm	"Housing",
ore.govadm	"Other real estate",
rnt.govadm	"Rental and leasing services and lessors of intangible assets",
leg.govadm	"Legal services",
com.govadm	"Computer systems design and related services",
tsv.govadm	"Miscellaneous professional, scientific, and technical services",
man.govadm	"Management of companies and enterprises",
adm.govadm	"Administrative and support services",
wst.pubwel	"Waste management and remediation services",
edu.educat	"Educational services",
amb.health	"Ambulatory health care services",
hos.hosptl	"Hospitals",
nrs.health	"Nursing and residential care facilities",
soc.pubwel	"Social assistance",
art.parkrc	"Performing arts, spectator sports, museums, and related activit",
rec.parkrc	"Amusements, gambling, and recreation industries",
amd.parkrc	"Accommodation",
res.liqexp	"Food services and drinking places",
osv.othuna	"Other services, except government",
fdd.(police,correc,utlexp,govadm)	"Federal general government (defense)",
fnd.(police,correc,utlexp,govadm)	"Federal general government (nondefense)",
fen.(police,correc,utlexp,govadm)	"Federal government enterprises",
slg.(police,correc,utlexp,govadm)	"State and local general government",
sle.(police,correc,utlexp,govadm)	"State and local government enterprises",
use.othuna	"Scrap, used and secondhand goods",
oth.othuna	"Noncomparable imports and rest-of-the-world adjustment"
